// Jest Snapshot v1, https://goo.gl/fbAQLP

exports[`GlIcon component when created shows svg class "s8" and path "/path/to/icons.svg#check-circle" 1`] = `
"<svg class=\\"gl-icon s8\\">
  <use href=\\"#check-circle\\"></use>
</svg>"
`;
